// Jest Snapshot v1, https://goo.gl/fbAQLP

exports[`renders ./components/divider/demo/customize-style.md extend context correctly 1`] = `
<div
  class="ant-divider ant-divider-horizontal"
  role="separator"
  style="border-width: 2px; border-color: #7cb305;"
/>
`;

exports[`renders ./components/divider/demo/horizontal.md extend context correctly 1`] = `
<p>
  Lorem ipsum dolor sit amet, consectetur adipiscing elit. Sed nonne merninisti licere mihi ista probare, quae sunt a te dicta? Refert tamen, quo modo.
</p>
`;

exports[`renders ./components/divider/demo/plain.md extend context correctly 1`] = `
<p>
  Lorem ipsum dolor sit amet, consectetur adipiscing elit. Sed nonne merninisti licere mihi ista probare, quae sunt a te dicta? Refert tamen, quo modo.
</p>
`;

exports[`renders ./components/divider/demo/vertical.md extend context correctly 1`] = `Text`;

exports[`renders ./components/divider/demo/with-text.md extend context correctly 1`] = `
<p>
  Lorem ipsum dolor sit amet, consectetur adipiscing elit. Sed nonne merninisti licere mihi ista probare, quae sunt a te dicta? Refert tamen, quo modo.
</p>
`;
