// Jest Snapshot v1, https://goo.gl/fbAQLP

exports[`react router react router 3 1`] = `
<nav
  class="ant-breadcrumb"
>
  <ol>
    <li>
      <a
        class="ant-breadcrumb-link"
        href="#/"
      >
        Home
      </a>
    </li>
    <li
      aria-hidden="true"
      class="ant-breadcrumb-separator"
    >
      /
    </li>
    <li>
      <a
        class="ant-breadcrumb-link"
        href="#//apps"
      >
        Application List
      </a>
    </li>
    <li
      aria-hidden="true"
      class="ant-breadcrumb-separator"
    >
      /
    </li>
    <li>
      <a
        class="ant-breadcrumb-link"
        href="#//apps/1"
      >
        Application1
      </a>
    </li>
    <li
      aria-hidden="true"
      class="ant-breadcrumb-separator"
    >
      /
    </li>
    <li>
      <a
        class="ant-breadcrumb-link"
        href="#//apps/1/detail"
      >
        Detail
      </a>
    </li>
  </ol>
</nav>
`;
