// Jest Snapshot v1, https://goo.gl/fbAQLP

exports[`renders ./components/switch/demo/basic.md correctly 1`] = `
<span
  class="ant-switch ant-switch-checked"
  tabindex="0"
>
  <span
    class="ant-switch-inner"
  />
</span>
`;

exports[`renders ./components/switch/demo/disabled.md correctly 1`] = `
<div>
  <span
    class="ant-switch ant-switch-checked ant-switch-disabled"
    tabindex="-1"
  >
    <span
      class="ant-switch-inner"
    />
  </span>
  <br />
  <button
    class="ant-btn ant-btn-primary"
    type="button"
  >
    <span>
      Toggle disabled
    </span>
  </button>
</div>
`;

exports[`renders ./components/switch/demo/loading.md correctly 1`] = `
<div>
  <span
    class="ant-switch-loading ant-switch ant-switch-checked"
    tabindex="0"
  >
    <i
      class="anticon anticon-loading-3-quarters ant-switch-loading-icon"
    >
      <svg
        aria-hidden="true"
        class=""
        data-icon="loading-3-quarters"
        fill="currentColor"
        height="1em"
        viewBox="0 0 1024 1024"
        width="1em"
        xmlns="http://www.w3.org/2000/svg"
      >
        <path
          d="M512 1024c-69.1 0-136.2-13.5-199.3-40.2C251.7 958 197 921 150 874c-47-47-84-101.7-109.8-162.7C13.5 648.2 0 581.1 0 512c0-19.9 16.1-36 36-36s36 16.1 36 36c0 59.4 11.6 117 34.6 171.3 22.2 52.4 53.9 99.5 94.3 139.9 40.4 40.4 87.5 72.2 139.9 94.3C395 940.4 452.6 952 512 952c59.4 0 117-11.6 171.3-34.6 52.4-22.2 99.5-53.9 139.9-94.3 40.4-40.4 72.2-87.5 94.3-139.9C940.4 629 952 571.4 952 512c0-59.4-11.6-117-34.6-171.3-22.2-52.4-53.9-99.4-94.3-139.9-40.4-40.4-87.5-72.2-139.9-94.3C629 83.6 571.4 72 512 72c-19.9 0-36-16.1-36-36s16.1-36 36-36c69.1 0 136.2 13.5 199.3 40.2C772.3 66 827 103 874 150c47 47 83.9 101.8 109.7 162.7 26.7 63.1 40.2 130.2 40.2 199.3s-13.5 136.2-40.2 199.3C958 772.3 921 827 874 874c-47 47-101.8 83.9-162.7 109.7-63.1 26.8-130.2 40.3-199.3 40.3z"
        />
      </svg>
    </i>
    <span
      class="ant-switch-inner"
    />
  </span>
  <br />
  <span
    class="ant-switch-small ant-switch-loading ant-switch"
    tabindex="0"
  >
    <i
      class="anticon anticon-loading-3-quarters ant-switch-loading-icon"
    >
      <svg
        aria-hidden="true"
        class=""
        data-icon="loading-3-quarters"
        fill="currentColor"
        height="1em"
        viewBox="0 0 1024 1024"
        width="1em"
        xmlns="http://www.w3.org/2000/svg"
      >
        <path
          d="M512 1024c-69.1 0-136.2-13.5-199.3-40.2C251.7 958 197 921 150 874c-47-47-84-101.7-109.8-162.7C13.5 648.2 0 581.1 0 512c0-19.9 16.1-36 36-36s36 16.1 36 36c0 59.4 11.6 117 34.6 171.3 22.2 52.4 53.9 99.5 94.3 139.9 40.4 40.4 87.5 72.2 139.9 94.3C395 940.4 452.6 952 512 952c59.4 0 117-11.6 171.3-34.6 52.4-22.2 99.5-53.9 139.9-94.3 40.4-40.4 72.2-87.5 94.3-139.9C940.4 629 952 571.4 952 512c0-59.4-11.6-117-34.6-171.3-22.2-52.4-53.9-99.4-94.3-139.9-40.4-40.4-87.5-72.2-139.9-94.3C629 83.6 571.4 72 512 72c-19.9 0-36-16.1-36-36s16.1-36 36-36c69.1 0 136.2 13.5 199.3 40.2C772.3 66 827 103 874 150c47 47 83.9 101.8 109.7 162.7 26.7 63.1 40.2 130.2 40.2 199.3s-13.5 136.2-40.2 199.3C958 772.3 921 827 874 874c-47 47-101.8 83.9-162.7 109.7-63.1 26.8-130.2 40.3-199.3 40.3z"
        />
      </svg>
    </i>
    <span
      class="ant-switch-inner"
    />
  </span>
</div>
`;

exports[`renders ./components/switch/demo/size.md correctly 1`] = `
<div>
  <span
    class="ant-switch ant-switch-checked"
    tabindex="0"
  >
    <span
      class="ant-switch-inner"
    />
  </span>
  <br />
  <span
    class="ant-switch-small ant-switch ant-switch-checked"
    tabindex="0"
  >
    <span
      class="ant-switch-inner"
    />
  </span>
</div>
`;

exports[`renders ./components/switch/demo/text.md correctly 1`] = `
<div>
  <span
    class="ant-switch ant-switch-checked"
    tabindex="0"
  >
    <span
      class="ant-switch-inner"
    >
      开
    </span>
  </span>
  <br />
  <span
    class="ant-switch"
    tabindex="0"
  >
    <span
      class="ant-switch-inner"
    >
      0
    </span>
  </span>
  <br />
  <span
    class="ant-switch ant-switch-checked"
    tabindex="0"
  >
    <span
      class="ant-switch-inner"
    >
      <i
        class="anticon anticon-check"
      >
        <svg
          aria-hidden="true"
          class=""
          data-icon="check"
          fill="currentColor"
          height="1em"
          viewBox="0 0 1024 1024"
          width="1em"
          xmlns="http://www.w3.org/2000/svg"
        >
          <path
            d="M912 190h-69.9c-9.8 0-19.1 4.5-25.1 12.2L404.7 724.5 207 474c-6.1-7.7-15.3-12.2-25.1-12.2H112c-6.7 0-10.4 7.7-6.3 12.9l273.9 347c12.8 16.2 37.4 16.2 50.3 0l488.4-618.9c4.1-5.1.4-12.8-6.3-12.8z"
          />
        </svg>
      </i>
    </span>
  </span>
</div>
`;
